
> dive@0.0.1 build
> rollup -c "config/rollup/config.js"

node.exe : (node:32676) 
[MODULE_TYPELESS_PACKAGE_JSON] 
Warning: Module type of file:///C:/Drif
t/config/rollup/config.js is not 
specified and it doesn't parse as 
CommonJS.
At C:\Program Files\nodejs\npm.ps1:29 
char:3
+   & $NODE_EXE $NPM_CLI_JS $args
+   ~~~~~~~~~~~~~~~~~~~~~~~~~~~~~
    + CategoryInfo          : NotSpeci 
   fied: ((node:32676) [M...se as Com  
  monJS.:String) [], RemoteException
    + FullyQualifiedErrorId : NativeCo 
   mmandError
 
Reparsing as ES module because module 
syntax was detected. This incurs a 
performance overhead.
To eliminate this warning, add "type": 
"module" to C:\Drift\package.json.
(Use `node --trace-warnings ...` to 
show where the warning was created)
[36m
[1msrc/main.ts[22m ÔåÆ 
[1mbuild/bundle.js[22m...[39m
[1m[33m(!) [plugin typescript] 
src/controls/FirstPersonControls.ts 
(134:3): @rollup/plugin-typescript 
TS2531: Object is possibly 
'null'.[39m[22m
[1mC:/Drift/src/controls/FirstPersonCo
ntrols.ts:134:3[22m
[90m
[7m134[0m   
this.owner.rotation.toEuler(euler);
[7m   [0m [91m  ~~~~~~~~~~[0m
[39m
[1m[33m(!) [plugin typescript] 
src/controls/FirstPersonControls.ts 
(137:3): @rollup/plugin-typescript 
TS2531: Object is possibly 
'null'.[39m[22m
[1mC:/Drift/src/controls/FirstPersonCo
ntrols.ts:137:3[22m
[90m
[7m137[0m   this.owner.head.rotation.
toEuler(euler);
[7m   [0m [91m  ~~~~~~~~~~[0m
[39m
[1m[33m(!) [plugin typescript] 
src/controls/FirstPersonControls.ts 
(176:9): @rollup/plugin-typescript 
TS7006: Parameter 'delta' implicitly 
has an 'any' type.[39m[22m
[1mC:/Drift/src/controls/FirstPersonCo
ntrols.ts:176:9[22m
[90m
[7m176[0m  update(delta) {
[7m   [0m [91m        ~~~~~[0m
[39m
[1m[33m(!) [plugin typescript] 
src/controls/FirstPersonControls.ts 
(182:18): @rollup/plugin-typescript 
TS2531: Object is possibly 
'null'.[39m[22m
[1mC:/Drift/src/controls/FirstPersonCo
ntrols.ts:182:18[22m
[90m
[7m182[0m    const speed = 
this.owner.getSpeed();
[7m   [0m [91m                 
~~~~~~~~~~[0m
[39m
[1m[33m(!) [plugin typescript] 
src/controls/FirstPersonControls.ts 
(194:32): @rollup/plugin-typescript 
TS2531: Object is possibly 
'null'.[39m[22m
[1mC:/Drift/src/controls/FirstPersonCo
ntrols.ts:194:32[22m
[90m
[7m194[0m    if 
(this.input.mouseDown && 
this.owner.isAutomaticWeaponUsed()) {
[7m   [0m [91m                      
         ~~~~~~~~~~[0m
[39m
[1m[33m(!) [plugin typescript] 
src/controls/FirstPersonControls.ts 
(196:5): @rollup/plugin-typescript 
TS2531: Object is possibly 
'null'.[39m[22m
[1mC:/Drift/src/controls/FirstPersonCo
ntrols.ts:196:5[22m
[90m
[7m196[0m     this.owner.shoot();
[7m   [0m [91m    ~~~~~~~~~~[0m
[39m
[1m[33m(!) [plugin typescript] 
src/controls/FirstPersonControls.ts 
(212:18): @rollup/plugin-typescript 
TS7006: Parameter 'delta' implicitly 
has an 'any' type.[39m[22m
[1mC:/Drift/src/controls/FirstPersonCo
ntrols.ts:212:18[22m
[90m
[7m212[0m  _updateVelocity(delta) {
[7m   [0m [91m                 
~~~~~[0m
[39m
[1m[33m(!) [plugin typescript] 
src/controls/FirstPersonControls.ts 
(227:3): @rollup/plugin-typescript 
TS18047: 'owner' is possibly 
'null'.[39m[22m
[1mC:/Drift/src/controls/FirstPersonCo
ntrols.ts:227:3[22m
[90m
[7m227[0m   owner.velocity.copy(veloc
ity).applyRotation(owner.rotation);
[7m   [0m [91m  ~~~~~[0m
[39m
[1m[33m(!) [plugin typescript] 
src/controls/FirstPersonControls.ts 
(227:47): @rollup/plugin-typescript 
TS18047: 'owner' is possibly 
'null'.[39m[22m
[1mC:/Drift/src/controls/FirstPersonCo
ntrols.ts:227:47[22m
[90m
[7m227[0m   owner.velocity.copy(veloc
ity).applyRotation(owner.rotation);
[7m   [0m [91m                      
                        ~~~~~[0m
[39m
[1m[33m(!) [plugin typescript] 
src/controls/FirstPersonControls.ts 
(241:16): @rollup/plugin-typescript 
TS18047: 'owner' is possibly 
'null'.[39m[22m
[1mC:/Drift/src/controls/FirstPersonCo
ntrols.ts:241:16[22m
[90m
[7m241[0m   const head = owner.head;
[7m   [0m [91m               
~~~~~[0m
[39m
[1m[33m(!) [plugin typescript] 
src/controls/FirstPersonControls.ts 
(252:22): @rollup/plugin-typescript 
TS18047: 'owner' is possibly 
'null'.[39m[22m
[1mC:/Drift/src/controls/FirstPersonCo
ntrols.ts:252:22[22m
[90m
[7m252[0m   head.position.y += 
owner.height;
[7m   [0m [91m                     
~~~~~[0m
[39m
[1m[33m(!) [plugin typescript] 
src/controls/FirstPersonControls.ts 
(262:18): @rollup/plugin-typescript 
TS2531: Object is possibly 
'null'.[39m[22m
[1mC:/Drift/src/controls/FirstPersonCo
ntrols.ts:262:18[22m
[90m
[7m262[0m    const audio = 
this.owner.audios.get(STEP1);
[7m   [0m [91m                 
~~~~~~~~~~[0m
[39m
[1m[33m(!) [plugin typescript] 
src/controls/FirstPersonControls.ts 
(263:4): @rollup/plugin-typescript 
TS18048: 'audio' is possibly 
'undefined'.[39m[22m
[1mC:/Drift/src/controls/FirstPersonCo
ntrols.ts:263:4[22m
[90m
[7m263[0m    audio.play();
[7m   [0m [91m   ~~~~~[0m
[39m
[1m[33m(!) [plugin typescript] 
src/controls/FirstPersonControls.ts 
(271:18): @rollup/plugin-typescript 
TS2531: Object is possibly 
'null'.[39m[22m
[1mC:/Drift/src/controls/FirstPersonCo
ntrols.ts:271:18[22m
[90m
[7m271[0m    const audio = 
this.owner.audios.get(STEP2);
[7m   [0m [91m                 
~~~~~~~~~~[0m
[39m
[1m[33m(!) [plugin typescript] 
src/controls/FirstPersonControls.ts 
(272:4): @rollup/plugin-typescript 
TS18048: 'audio' is possibly 
'undefined'.[39m[22m
[1mC:/Drift/src/controls/FirstPersonCo
ntrols.ts:272:4[22m
[90m
[7m272[0m    audio.play();
[7m   [0m [91m   ~~~~~[0m
[39m
[1m[33m(!) [plugin typescript] 
src/controls/FirstPersonControls.ts 
(288:27): @rollup/plugin-typescript 
TS18047: 'owner' is possibly 
'null'.[39m[22m
[1mC:/Drift/src/controls/FirstPersonCo
ntrols.ts:288:27[22m
[90m
[7m288[0m   const weaponContainer = 
owner.weaponContainer;
[7m   [0m [91m                      
    ~~~~~[0m
[39m
[1m[33m(!) [plugin typescript] 
src/core/AssetManager.ts (80:5): 
@rollup/plugin-typescript TS2794: 
Expected 1 arguments, but got 0. Did 
you forget to include 'void' in your 
type argument to 'Promise'?[39m[22m
[1mC:/Drift/src/core/AssetManager.ts:8
0:5[22m
[90m
[7m80[0m     resolve();
[7m  [0m [91m    ~~~~~~~[0m

  [96mnode_modules/typescript/lib/lib.
es2015.promise.d.ts[0m:[93m31[0m:[9
3m34[0m
    [7m31[0m     new <T>(executor: 
(resolve: (value: T | PromiseLike<T>) 
=> void, reject: (reason?: any) => 
void) => void): Promise<T>;
    [7m  [0m [96m                   
              
~~~~~~~~~~~~~~~~~~~~~~~~~[0m
    An argument for 'value' was not 
provided.
[39m
[1m[33m(!) [plugin typescript] 
src/core/AssetManager.ts (323:16): 
@rollup/plugin-typescript TS2339: 
Property 'isMesh' does not exist on 
type 
'Object3D<Object3DEventMap>'.[39m[22m
[1mC:/Drift/src/core/AssetManager.ts:3
23:16[22m
[90m
[7m323[0m     if (object.isMesh) {
[7m   [0m [91m               
~~~~~~[0m
[39m
[1m[33m(!) [plugin typescript] 
src/core/AssetManager.ts (325:13): 
@rollup/plugin-typescript TS2339: 
Property 'material' does not exist on 
type 
'Object3D<Object3DEventMap>'.[39m[22m
[1mC:/Drift/src/core/AssetManager.ts:3
25:13[22m
[90m
[7m325[0m      object.material.side 
= DoubleSide;
[7m   [0m [91m            
~~~~~~~~[0m
[39m
[1m[33m(!) [plugin typescript] 
src/core/AssetManager.ts (363:4): 
@rollup/plugin-typescript TS18048: 
'mesh' is possibly 
'undefined'.[39m[22m
[1mC:/Drift/src/core/AssetManager.ts:3
63:4[22m
[90m
[7m363[0m    mesh.material.lightMap 
= textureLoader.load('./textures/lightm
ap.png');
[7m   [0m [91m   ~~~~[0m
[39m
[1m[33m(!) [plugin typescript] 
src/core/AssetManager.ts (363:9): 
@rollup/plugin-typescript TS2339: 
Property 'material' does not exist on 
type 
'Object3D<Object3DEventMap>'.[39m[22m
[1mC:/Drift/src/core/AssetManager.ts:3
63:9[22m
[90m
[7m363[0m    mesh.material.lightMap 
= textureLoader.load('./textures/lightm
ap.png');
[7m   [0m [91m        ~~~~~~~~[0m
[39m
[1m[33m(!) [plugin typescript] 
src/core/AssetManager.ts (364:4): 
@rollup/plugin-typescript TS18048: 
'mesh' is possibly 
'undefined'.[39m[22m
[1mC:/Drift/src/core/AssetManager.ts:3
64:4[22m
[90m
[7m364[0m    
mesh.material.lightMap.flipY = false;
[7m   [0m [91m   ~~~~[0m
[39m
[1m[33m(!) [plugin typescript] 
src/core/AssetManager.ts (364:9): 
@rollup/plugin-typescript TS2339: 
Property 'material' does not exist on 
type 
'Object3D<Object3DEventMap>'.[39m[22m
[1mC:/Drift/src/core/AssetManager.ts:3
64:9[22m
[90m
[7m364[0m    
mesh.material.lightMap.flipY = false;
[7m   [0m [91m        ~~~~~~~~[0m
[39m
[1m[33m(!) [plugin typescript] 
src/core/AssetManager.ts (365:4): 
@rollup/plugin-typescript TS18048: 
'mesh' is possibly 
'undefined'.[39m[22m
[1mC:/Drift/src/core/AssetManager.ts:3
65:4[22m
[90m
[7m365[0m    
mesh.material.map.anisotropy = 4;
[7m   [0m [91m   ~~~~[0m
[39m
[1m[33m(!) [plugin typescript] 
src/core/AssetManager.ts (365:9): 
@rollup/plugin-typescript TS2339: 
Property 'material' does not exist on 
type 
'Object3D<Object3DEventMap>'.[39m[22m
[1mC:/Drift/src/core/AssetManager.ts:3
65:9[22m
[90m
[7m365[0m    
mesh.material.map.anisotropy = 4;
[7m   [0m [91m        ~~~~~~~~[0m
[39m
[1m[33m(!) [plugin typescript] 
src/core/WeaponSystem.ts (209:6): 
@rollup/plugin-typescript TS2322: Type 
'number | null' is not assignable to 
type 'number'.
  Type 'null' is not assignable to 
type 'number'.[39m[22m
[1mC:/Drift/src/core/WeaponSystem.ts:2
09:6[22m
[90m| null' is not assignable to type 
'number'.
  Type 'null' is not assignable to 
type 'number'.

[7m209[0m      bestWeaponType = 
weapon.type;
[7m   [0m [91m     
~~~~~~~~~~~~~~[0m
[39m
[1m[33m(!) [plugin typescript] 
src/core/WeaponSystem.ts (231:15): 
@rollup/plugin-typescript TS7006: 
Parameter 'type' implicitly has an 
'any' type.[39m[22m
[1mC:/Drift/src/core/WeaponSystem.ts:2
31:15[22m
[90m
[7m231[0m  changeWeapon(type) {
[7m   [0m [91m              ~~~~[0m
[39m
[1m[33m(!) [plugin typescript] 
src/core/WeaponSystem.ts (283:12): 
@rollup/plugin-typescript TS7006: 
Parameter 'type' implicitly has an 
'any' type.[39m[22m
[1mC:/Drift/src/core/WeaponSystem.ts:2
83:12[22m
[90m
[7m283[0m  addWeapon(type) {
[7m   [0m [91m           ~~~~[0m
[39m
[1m[33m(!) [plugin typescript] 
src/core/WeaponSystem.ts (326:4): 
@rollup/plugin-typescript TS18048: 
'weaponInventory' is possibly 
'undefined'.[39m[22m
[1mC:/Drift/src/core/WeaponSystem.ts:3
26:4[22m
[90m
[7m326[0m    weaponInventory.addRound
s(weapon.getRemainingRounds());
[7m   [0m [91m   ~~~~~~~~~~~~~~~[0m
[39m
[1m[33m(!) [plugin typescript] 
src/core/WeaponSystem.ts (326:30): 
@rollup/plugin-typescript TS18048: 
'weapon' is possibly 
'undefined'.[39m[22m
[1mC:/Drift/src/core/WeaponSystem.ts:3
26:30[22m
[90m
[7m326[0m    weaponInventory.addRound
s(weapon.getRemainingRounds());
[7m   [0m [91m                      
       ~~~~~~[0m
[39m
[1m[33m(!) [plugin typescript] 
src/core/WeaponSystem.ts (332:30): 
@rollup/plugin-typescript TS2345: 
Argument of type 'Blaster | Shotgun | 
AssaultRifle | undefined' is not 
assignable to parameter of type 
'Weapon | null'.
  Type 'undefined' is not assignable 
to type 'Weapon | null'.[39m[22m
[1mC:/Drift/src/core/WeaponSystem.ts:3
32:30[22m
[90mrameter of type 'Weapon | null'.
  Type 'undefined' is not assignable 
to type 'Weapon | null'.

[7m332[0m    
this.weaponsMap.set(type, weapon);
[7m   [0m [91m                      
       ~~~~~~[0m
[39m
[1m[33m(!) [plugin typescript] 
src/core/WeaponSystem.ts (333:22): 
@rollup/plugin-typescript TS2345: 
Argument of type 'Blaster | Shotgun | 
AssaultRifle | undefined' is not 
assignable to parameter of type 
'Weapon'.
  Type 'undefined' is not assignable 
to type 'Weapon'.[39m[22m
[1mC:/Drift/src/core/WeaponSystem.ts:3
33:22[22m
[90msignable to parameter of type 
'Weapon'.
  Type 'undefined' is not assignable 
to type 'Weapon'.

[7m333[0m    
this.weapons.push(weapon);
[7m   [0m [91m                     
~~~~~~[0m
[39m
[1m[33m(!) [plugin typescript] 
src/core/WeaponSystem.ts (342:5): 
@rollup/plugin-typescript TS18048: 
'weapon' is possibly 
'undefined'.[39m[22m
[1mC:/Drift/src/core/WeaponSystem.ts:3
42:5[22m
[90m
[7m342[0m     weapon.scale.set(2, 2, 
2);
[7m   [0m [91m    ~~~~~~[0m
[39m
[1m[33m(!) [plugin typescript] 
src/core/WeaponSystem.ts (343:5): 
@rollup/plugin-typescript TS18048: 
'weapon' is possibly 
'undefined'.[39m[22m
[1mC:/Drift/src/core/WeaponSystem.ts:3
43:5[22m
[90m
[7m343[0m     
weapon.position.set(0.3, - 0.3, - 1);
[7m   [0m [91m    ~~~~~~[0m
[39m
[1m[33m(!) [plugin typescript] 
src/core/WeaponSystem.ts (344:5): 
@rollup/plugin-typescript TS18048: 
'weapon' is possibly 
'undefined'.[39m[22m
[1mC:/Drift/src/core/WeaponSystem.ts:3
44:5[22m
[90m
[7m344[0m     
weapon.rotation.fromEuler(0, Math.PI, 
0);
[7m   [0m [91m    ~~~~~~[0m
[39m
[1m[33m(!) [plugin typescript] 
src/core/WeaponSystem.ts (345:5): 
@rollup/plugin-typescript TS18048: 
'weapon' is possibly 
'undefined'.[39m[22m
[1mC:/Drift/src/core/WeaponSystem.ts:3
45:5[22m
[90m
[7m345[0m     
weapon.initAnimations();
[7m   [0m [91m    ~~~~~~[0m
[39m
[1m[33m(!) [plugin typescript] 
src/core/WeaponSystem.ts (349:5): 
@rollup/plugin-typescript TS18048: 
'weapon' is possibly 
'undefined'.[39m[22m
[1mC:/Drift/src/core/WeaponSystem.ts:3
49:5[22m
[90m
[7m349[0m     weapon.position.set(- 
0.1, - 0.2, 0.5);
[7m   [0m [91m    ~~~~~~[0m
[39m
[1m[33m(!) [plugin typescript] 
src/core/WeaponSystem.ts (365:15): 
@rollup/plugin-typescript TS7006: 
Parameter 'type' implicitly has an 
'any' type.[39m[22m
[1mC:/Drift/src/core/WeaponSystem.ts:3
65:15[22m
[90m
[7m365[0m  removeWeapon(type) {
[7m   [0m [91m              ~~~~[0m
[39m
[1m[33m(!) [plugin typescript] 
src/core/WeaponSystem.ts (388:16): 
@rollup/plugin-typescript TS7006: 
Parameter 'type' implicitly has an 
'any' type.[39m[22m
[1mC:/Drift/src/core/WeaponSystem.ts:3
88:16[22m
[90m
[7m388[0m  setNextWeapon(type) {
[7m   [0m [91m               
~~~~[0m
[39m
[1m[33m(!) [plugin typescript] 
src/core/WeaponSystem.ts (408:12): 
@rollup/plugin-typescript TS7006: 
Parameter 'type' implicitly has an 
'any' type.[39m[22m
[1mC:/Drift/src/core/WeaponSystem.ts:4
08:12[22m
[90m
[7m408[0m  getWeapon(type) {
[7m   [0m [91m           ~~~~[0m
[39m
[1m[33m(!) [plugin typescript] 
src/core/WeaponSystem.ts (486:28): 
@rollup/plugin-typescript TS7006: 
Parameter 'type' implicitly has an 
'any' type.[39m[22m
[1mC:/Drift/src/core/WeaponSystem.ts:4
86:28[22m
[90m
[7m486[0m  
getRemainingAmmoForWeapon(type) {
[7m   [0m [91m                      
     ~~~~[0m
[39m
[1m[33m(!) [plugin typescript] 
src/core/WeaponSystem.ts (500:9): 
@rollup/plugin-typescript TS7006: 
Parameter 'delta' implicitly has an 
'any' type.[39m[22m
[1mC:/Drift/src/core/WeaponSystem.ts:5
00:9[22m
[90m
[7m500[0m  update(delta) {
[7m   [0m [91m        ~~~~~[0m
[39m
[1m[33m(!) [plugin typescript] 
src/core/WeaponSystem.ts (550:19): 
@rollup/plugin-typescript TS7006: 
Parameter 'delta' implicitly has an 
'any' type.[39m[22m
[1mC:/Drift/src/core/WeaponSystem.ts:5
50:19[22m
[90m
[7m550[0m  updateAimAndShot(delta) {
[7m   [0m [91m                  
~~~~~[0m
[39m
[1m[33m(!) [plugin typescript] 
src/core/WeaponSystem.ts (640:16): 
@rollup/plugin-typescript TS7006: 
Parameter 'targetPosition' implicitly 
has an 'any' type.[39m[22m
[1mC:/Drift/src/core/WeaponSystem.ts:6
40:16[22m
[90m
[7m640[0m  
addNoiseToAim(targetPosition) {
[7m   [0m [91m               
~~~~~~~~~~~~~~[0m
[39m
[1m[33m(!) [plugin typescript] 
src/core/WeaponSystem.ts (663:8): 
@rollup/plugin-typescript TS7006: 
Parameter 'targetPosition' implicitly 
has an 'any' type.[39m[22m
[1mC:/Drift/src/core/WeaponSystem.ts:6
63:8[22m
[90m
[7m663[0m  shoot(targetPosition) {
[7m   [0m [91m       
~~~~~~~~~~~~~~[0m
[39m
[1m[33m(!) [plugin typescript] 
src/core/WeaponSystem.ts (1006:26): 
@rollup/plugin-typescript TS7006: 
Parameter 'fuzzySets' implicitly has 
an 'any' type.[39m[22m
[1mC:/Drift/src/core/WeaponSystem.ts:1
006:26[22m
[90m
[7m1006[0m  
_initBlasterFuzzyModule(fuzzySets) {
[7m    [0m [91m                     
    ~~~~~~~~~[0m
[39m
[1m[33m(!) [plugin typescript] 
src/core/WeaponSystem.ts (1047:26): 
@rollup/plugin-typescript TS7006: 
Parameter 'fuzzySets' implicitly has 
an 'any' type.[39m[22m
[1mC:/Drift/src/core/WeaponSystem.ts:1
047:26[22m
[90m
[7m1047[0m  
_initShotgunFuzzyModule(fuzzySets) {
[7m    [0m [91m                     
    ~~~~~~~~~[0m
[39m
[1m[33m(!) [plugin typescript] 
src/core/WeaponSystem.ts (1088:31): 
@rollup/plugin-typescript TS7006: 
Parameter 'fuzzySets' implicitly has 
an 'any' type.[39m[22m
[1mC:/Drift/src/core/WeaponSystem.ts:1
088:31[22m
[90m
[7m1088[0m  _initAssaultRifleFuzzyMod
ule(fuzzySets) {
[7m    [0m [91m                     
         ~~~~~~~~~[0m
[39m
[1m[33m(!) [plugin typescript] 
src/core/WeaponSystem.ts (1125:15): 
@rollup/plugin-typescript TS7006: 
Parameter 'entity' implicitly has an 
'any' type.[39m[22m
[1mC:/Drift/src/core/WeaponSystem.ts:1
125:15[22m
[90m
[7m1125[0m function sync(entity, 
renderComponent) {
[7m    [0m [91m              
~~~~~~[0m
[39m
[1m[33m(!) [plugin typescript] 
src/core/WeaponSystem.ts (1125:23): 
@rollup/plugin-typescript TS7006: 
Parameter 'renderComponent' implicitly 
has an 'any' type.[39m[22m
[1mC:/Drift/src/core/WeaponSystem.ts:1
125:23[22m
[90m
[7m1125[0m function sync(entity, 
renderComponent) {
[7m    [0m [91m                     
 ~~~~~~~~~~~~~~~[0m
[39m
[1m[33m(!) [plugin typescript] 
src/core/World.ts (99:4): 
@rollup/plugin-typescript TS2740: Type 
'any[]' is missing the following 
properties from type 
'Object3D<Object3DEventMap>': 
isObject3D, id, uuid, name, and 72 
more.[39m[22m
[1mC:/Drift/src/core/World.ts:99:4[22
m
[90m
[7m99[0m    spawnHelpers: new 
Array(),
[7m  [0m [91m   ~~~~~~~~~~~~[0m

  [96msrc/core/World.ts[0m:[93m68[0
m:[93m3[0m
    [7m68[0m   spawnHelpers: 
Object3D | null;
    [7m  [0m [96m  ~~~~~~~~~~~~[0m
    The expected type comes from 
property 'spawnHelpers' which is 
declared here on type '{ 
convexRegionHelper: 
Object3D<Object3DEventMap> | null; 
spatialIndexHelper: 
Object3D<Object3DEventMap> | null; ... 
6 more ...; itemHelpers: 
Object3D<...>[]; }'
[39m
[1m[33m(!) [plugin typescript] 
src/core/World.ts (141:6): 
@rollup/plugin-typescript TS7006: 
Parameter 'entity' implicitly has an 
'any' type.[39m[22m
[1mC:/Drift/src/core/World.ts:141:6[2
2m
[90m
[7m141[0m  add(entity) {
[7m   [0m [91m     ~~~~~~[0m
[39m
[1m[33m(!) [plugin typescript] 
src/core/World.ts (162:9): 
@rollup/plugin-typescript TS7006: 
Parameter 'entity' implicitly has an 
'any' type.[39m[22m
[1mC:/Drift/src/core/World.ts:162:9[2
2m
[90m
[7m162[0m  remove(entity) {
[7m   [0m [91m        ~~~~~~[0m
[39m
[1m[33m(!) [plugin typescript] 
src/core/World.ts (184:12): 
@rollup/plugin-typescript TS7006: 
Parameter 'owner' implicitly has an 
'any' type.[39m[22m
[1mC:/Drift/src/core/World.ts:184:12[
22m
[90m
[7m184[0m  addBullet(owner, ray) {
[7m   [0m [91m           ~~~~~[0m
[39m
[1m[33m(!) [plugin typescript] 
src/core/World.ts (184:19): 
@rollup/plugin-typescript TS7006: 
Parameter 'ray' implicitly has an 
'any' type.[39m[22m
[1mC:/Drift/src/core/World.ts:184:19[
22m
[90m
[7m184[0m  addBullet(owner, ray) {
[7m   [0m [91m                  
~~~[0m
[39m
[1m[33m(!) [plugin typescript] 
src/core/World.ts (256:17): 
@rollup/plugin-typescript TS7006: 
Parameter 'entity' implicitly has an 
'any' type.[39m[22m
[1mC:/Drift/src/core/World.ts:256:17[
22m
[90m
[7m256[0m  getClosestItem(entity, 
itemType, result) {
[7m   [0m [91m                
~~~~~~[0m
[39m
[1m[33m(!) [plugin typescript] 
src/core/World.ts (256:25): 
@rollup/plugin-typescript TS7006: 
Parameter 'itemType' implicitly has an 
'any' type.[39m[22m
[1mC:/Drift/src/core/World.ts:256:25[
22m
[90m
[7m256[0m  getClosestItem(entity, 
itemType, result) {
[7m   [0m [91m                      
  ~~~~~~~~[0m
[39m
[1m[33m(!) [plugin typescript] 
src/core/World.ts (256:35): 
@rollup/plugin-typescript TS7006: 
Parameter 'result' implicitly has an 
'any' type.[39m[22m
[1mC:/Drift/src/core/World.ts:256:35[
22m
[90m
[7m256[0m  getClosestItem(entity, 
itemType, result) {
[7m   [0m [91m                      
            ~~~~~~[0m
[39m
[1m[33m(!) [plugin typescript] 
src/core/World.ts (267:23): 
@rollup/plugin-typescript TS18047: 
'itemList' is possibly 
'null'.[39m[22m
[1mC:/Drift/src/core/World.ts:267:23[
22m
[90m
[7m267[0m   for (let i = 0, l = 
itemList.length; i < l; i++) {
[7m   [0m [91m                      
~~~~~~~~[0m
[39m
[1m[33m(!) [plugin typescript] 
src/core/World.ts (269:17): 
@rollup/plugin-typescript TS18047: 
'itemList' is possibly 
'null'.[39m[22m
[1mC:/Drift/src/core/World.ts:269:17[
22m
[90m
[7m269[0m    const item = 
itemList[i];
[7m   [0m [91m                
~~~~~~~~[0m
[39m
[1m[33m(!) [plugin typescript] 
src/core/World.ts (349:16): 
@rollup/plugin-typescript TS2339: 
Property 'uniforms' does not exist on 
type 'Material | Material[]'.
  Property 'uniforms' does not exist 
on type 'Material'.[39m[22m
[1mC:/Drift/src/core/World.ts:349:16[
22m
[90m type 'Material | Material[]'.
  Property 'uniforms' does not exist 
on type 'Material'.

[7m349[0m   
sky.material.uniforms.turbidity.value 
= 5;
[7m   [0m [91m               
~~~~~~~~[0m
[39m
[1m[33m(!) [plugin typescript] 
src/core/World.ts (350:16): 
@rollup/plugin-typescript TS2339: 
Property 'uniforms' does not exist on 
type 'Material | Material[]'.
  Property 'uniforms' does not exist 
on type 'Material'.[39m[22m
[1mC:/Drift/src/core/World.ts:350:16[
22m
[90m type 'Material | Material[]'.
  Property 'uniforms' does not exist 
on type 'Material'.

[7m350[0m   
sky.material.uniforms.rayleigh.value = 
1.5;
[7m   [0m [91m               
~~~~~~~~[0m
[39m
[1m[33m(!) [plugin typescript] 
src/core/World.ts (351:16): 
@rollup/plugin-typescript TS2339: 
Property 'uniforms' does not exist on 
type 'Material | Material[]'.
  Property 'uniforms' does not exist 
on type 'Material'.[39m[22m
[1mC:/Drift/src/core/World.ts:351:16[
22m
[90m type 'Material | Material[]'.
  Property 'uniforms' does not exist 
on type 'Material'.

[7m351[0m   sky.material.uniforms.sun
Position.value.set(- 700, 1000, - 750);
[7m   [0m [91m               
~~~~~~~~[0m
[39m
[1m[33m(!) [plugin typescript] 
src/core/World.ts (539:30): 
@rollup/plugin-typescript TS2339: 
Property 'cloneAudio' does not exist 
on type 'AssetManager'.[39m[22m
[1mC:/Drift/src/core/World.ts:539:30[
22m
[90m
[7m539[0m   const step1 = assetManage
r.cloneAudio(assetManager.audios.get('s
tep1'));
[7m   [0m [91m                      
       ~~~~~~~~~~[0m
[39m
[1m[33m(!) [plugin typescript] 
src/core/World.ts (540:30): 
@rollup/plugin-typescript TS2339: 
Property 'cloneAudio' does not exist 
on type 'AssetManager'.[39m[22m
[1mC:/Drift/src/core/World.ts:540:30[
22m
[90m
[7m540[0m   const step2 = assetManage
r.cloneAudio(assetManager.audios.get('s
tep2'));
[7m   [0m [91m                      
       ~~~~~~~~~~[0m
[39m
[1m[33m(!) [plugin typescript] 
src/core/World.ts (556:12): 
@rollup/plugin-typescript TS2345: 
Argument of type 'PositionalAudio | 
undefined' is not assignable to 
parameter of type 
'Object3D<Object3DEventMap>'.
  Type 'undefined' is not assignable 
to type 
'Object3D<Object3DEventMap>'.[39m[22m
[1mC:/Drift/src/core/World.ts:556:12[
22m
[90mDEventMap>'.
  Type 'undefined' is not assignable 
to type 'Object3D<Object3DEventMap>'.

[7m556[0m   body.add(impact1, 
impact2, impact3, impact4, impact5, 
impact6, impact7);
[7m   [0m [91m           ~~~~~~~[0m
[39m
[1m[33m(!) [plugin typescript] 
src/core/World.ts (560:32): 
@rollup/plugin-typescript TS2345: 
Argument of type 'PositionalAudio | 
undefined' is not assignable to 
parameter of type 'PositionalAudio'.
  Type 'undefined' is not assignable 
to type 'PositionalAudio'.[39m[22m
[1mC:/Drift/src/core/World.ts:560:32[
22m
[90mtype 'PositionalAudio'.
  Type 'undefined' is not assignable 
to type 'PositionalAudio'.

[7m560[0m   
player.audios.set('impact1', impact1);
[7m   [0m [91m                      
         ~~~~~~~[0m
[39m
[1m[33m(!) [plugin typescript] 
src/core/World.ts (561:32): 
@rollup/plugin-typescript TS2345: 
Argument of type 'PositionalAudio | 
undefined' is not assignable to 
parameter of type 'PositionalAudio'.
  Type 'undefined' is not assignable 
to type 'PositionalAudio'.[39m[22m
[1mC:/Drift/src/core/World.ts:561:32[
22m
[90mtype 'PositionalAudio'.
  Type 'undefined' is not assignable 
to type 'PositionalAudio'.

[7m561[0m   
player.audios.set('impact2', impact2);
[7m   [0m [91m                      
         ~~~~~~~[0m
[39m
[1m[33m(!) [plugin typescript] 
src/core/World.ts (562:32): 
@rollup/plugin-typescript TS2345: 
Argument of type 'PositionalAudio | 
undefined' is not assignable to 
parameter of type 'PositionalAudio'.
  Type 'undefined' is not assignable 
to type 'PositionalAudio'.[39m[22m
[1mC:/Drift/src/core/World.ts:562:32[
22m
[90mtype 'PositionalAudio'.
  Type 'undefined' is not assignable 
to type 'PositionalAudio'.

[7m562[0m   
player.audios.set('impact3', impact3);
[7m   [0m [91m                      
         ~~~~~~~[0m
[39m
[1m[33m(!) [plugin typescript] 
src/core/World.ts (563:32): 
@rollup/plugin-typescript TS2345: 
Argument of type 'PositionalAudio | 
undefined' is not assignable to 
parameter of type 'PositionalAudio'.
  Type 'undefined' is not assignable 
to type 'PositionalAudio'.[39m[22m
[1mC:/Drift/src/core/World.ts:563:32[
22m
[90mtype 'PositionalAudio'.
  Type 'undefined' is not assignable 
to type 'PositionalAudio'.

[7m563[0m   
player.audios.set('impact4', impact4);
[7m   [0m [91m                      
         ~~~~~~~[0m
[39m
[1m[33m(!) [plugin typescript] 
src/core/World.ts (564:32): 
@rollup/plugin-typescript TS2345: 
Argument of type 'PositionalAudio | 
undefined' is not assignable to 
parameter of type 'PositionalAudio'.
  Type 'undefined' is not assignable 
to type 'PositionalAudio'.[39m[22m
[1mC:/Drift/src/core/World.ts:564:32[
22m
[90mtype 'PositionalAudio'.
  Type 'undefined' is not assignable 
to type 'PositionalAudio'.

[7m564[0m   
player.audios.set('impact5', impact5);
[7m   [0m [91m                      
         ~~~~~~~[0m
[39m
[1m[33m(!) [plugin typescript] 
src/core/World.ts (565:32): 
@rollup/plugin-typescript TS2345: 
Argument of type 'PositionalAudio | 
undefined' is not assignable to 
parameter of type 'PositionalAudio'.
  Type 'undefined' is not assignable 
to type 'PositionalAudio'.[39m[22m
[1mC:/Drift/src/core/World.ts:565:32[
22m
[90mtype 'PositionalAudio'.
  Type 'undefined' is not assignable 
to type 'PositionalAudio'.

[7m565[0m   
player.audios.set('impact6', impact6);
[7m   [0m [91m                      
         ~~~~~~~[0m
[39m
[1m[33m(!) [plugin typescript] 
src/core/World.ts (566:32): 
@rollup/plugin-typescript TS2345: 
Argument of type 'PositionalAudio | 
undefined' is not assignable to 
parameter of type 'PositionalAudio'.
  Type 'undefined' is not assignable 
to type 'PositionalAudio'.[39m[22m
[1mC:/Drift/src/core/World.ts:566:32[
22m
[90mtype 'PositionalAudio'.
  Type 'undefined' is not assignable 
to type 'PositionalAudio'.

[7m566[0m   
player.audios.set('impact7', impact7);
[7m   [0m [91m                      
         ~~~~~~~[0m
[39m
[1m[33m(!) [plugin typescript] 
src/core/World.ts (570:36): 
@rollup/plugin-typescript TS2345: 
Argument of type 'GameEntity' is not 
assignable to parameter of type 
'Object3D<Object3DEventMap> | 
AnimationObjectGroup'.
  Type 'GameEntity' is missing the 
following properties from type 
'Object3D<Object3DEventMap>': 
isObject3D, id, type, quaternion, and 
57 more.[39m[22m
[1mC:/Drift/src/core/World.ts:570:36[
22m
[90ms from type 
'Object3D<Object3DEventMap>': 
isObject3D, id, type, quaternion, and 
57 more.

[7m570[0m   const mixer = new 
AnimationMixer(player.head);
[7m   [0m [91m                      
             ~~~~~~~~~~~[0m
[39m
[1m[33m(!) [plugin typescript] 
src/core/World.ts (638:46): 
@rollup/plugin-typescript TS2345: 
Argument of type 'null' is not 
assignable to parameter of type 
'RenderCallback<null>'.[39m[22m
[1mC:/Drift/src/core/World.ts:638:46[
22m
[90m
[7m638[0m    this.player.head.setRend
erComponent(null, null);
[7m   [0m [91m                      
                       ~~~~[0m
[39m
[1m[33m(!) [plugin typescript] 
src/effects/Sky.ts (1:57): 
@rollup/plugin-typescript TS2724: 
'"three"' has no exported member named 
'BoxBufferGeometry'. Did you mean 
'BufferGeometry'?[39m[22m
[1mC:/Drift/src/effects/Sky.ts:1:57[2
2m
[90m
[7m1[0m import { ShaderMaterial, 
UniformsUtils, BackSide, Mesh, 
BoxBufferGeometry, Vector3 } from 
'three';
[7m [0m [91m                        
                                
~~~~~~~~~~~~~~~~~[0m

  [96mnode_modules/@types/three/src/co
re/BufferGeometry.d.ts[0m:[93m122[0m
:[93m14[0m
    [7m122[0m export class 
BufferGeometry<
    [7m   [0m [96m             
~~~~~~~~~~~~~~[0m
    'BufferGeometry' is declared here.
[39m
[1m[33m(!) [plugin typescript] 
src/entities/Enemy.ts (212:17): 
@rollup/plugin-typescript TS2531: 
Object is possibly 'null'.[39m[22m
[1mC:/Drift/src/entities/Enemy.ts:212:
17[22m
[90m
[7m212[0m   const level = 
this.manager.getEntityByName('level');
[7m   [0m [91m                
~~~~~~~~~~~~[0m
[39m
[1m[33m(!) [plugin typescript] 
src/entities/Enemy.ts (213:27): 
@rollup/plugin-typescript TS2345: 
Argument of type 'GameEntity | null' 
is not assignable to parameter of type 
'GameEntity'.
  Type 'null' is not assignable to 
type 'GameEntity'.[39m[22m
[1mC:/Drift/src/entities/Enemy.ts:213:
27[22m
[90mle to parameter of type 
'GameEntity'.
  Type 'null' is not assignable to 
type 'GameEntity'.

[7m213[0m   
this.vision.addObstacle(level);
[7m   [0m [91m                      
    ~~~~~[0m
[39m
[1m[33m(!) [plugin typescript] 
src/entities/Enemy.ts (423:5): 
@rollup/plugin-typescript TS18048: 
'record' is possibly 
'undefined'.[39m[22m
[1mC:/Drift/src/entities/Enemy.ts:423:
5[22m
[90m
[7m423[0m     record.timeLastSensed 
= this.currentTime;
[7m   [0m [91m    ~~~~~~[0m
[39m
[1m[33m(!) [plugin typescript] 
src/entities/Enemy.ts (424:5): 
@rollup/plugin-typescript TS18048: 
'record' is possibly 
'undefined'.[39m[22m
[1mC:/Drift/src/entities/Enemy.ts:424:
5[22m
[90m
[7m424[0m     record.lastSensedPositi
on.copy(competitor.position); // it's 
intended to use the body's position 
here
[7m   [0m [91m    ~~~~~~[0m
[39m
[1m[33m(!) [plugin typescript] 
src/entities/Enemy.ts (425:9): 
@rollup/plugin-typescript TS18048: 
'record' is possibly 
'undefined'.[39m[22m
[1mC:/Drift/src/entities/Enemy.ts:425:
9[22m
[90m
[7m425[0m     if (record.visible === 
false) record.timeBecameVisible = 
this.currentTime;
[7m   [0m [91m        ~~~~~~[0m
[39m
[1m[33m(!) [plugin typescript] 
src/entities/Enemy.ts (425:35): 
@rollup/plugin-typescript TS18048: 
'record' is possibly 
'undefined'.[39m[22m
[1mC:/Drift/src/entities/Enemy.ts:425:
35[22m
[90m
[7m425[0m     if (record.visible === 
false) record.timeBecameVisible = 
this.currentTime;
[7m   [0m [91m                      
            ~~~~~~[0m
[39m
[1m[33m(!) [plugin typescript] 
src/entities/Enemy.ts (426:5): 
@rollup/plugin-typescript TS18048: 
'record' is possibly 
'undefined'.[39m[22m
[1mC:/Drift/src/entities/Enemy.ts:426:
5[22m
[90m
[7m426[0m     record.visible = true;
[7m   [0m [91m    ~~~~~~[0m
[39m
[1m[33m(!) [plugin typescript] 
src/entities/Enemy.ts (430:5): 
@rollup/plugin-typescript TS18048: 
'record' is possibly 
'undefined'.[39m[22m
[1mC:/Drift/src/entities/Enemy.ts:430:
5[22m
[90m
[7m430[0m     record.visible = false;
[7m   [0m [91m    ~~~~~~[0m
[39m
[1m[33m(!) [plugin typescript] 
src/entities/Enemy.ts (604:8): 
@rollup/plugin-typescript TS2339: 
Property 'ignoreWeapons' does not 
exist on type 'Enemy'.[39m[22m
[1mC:/Drift/src/entities/Enemy.ts:604:
8[22m
[90m
[7m604[0m   this.ignoreWeapons = 
false;
[7m   [0m [91m       
~~~~~~~~~~~~~[0m
[39m
[1m[33m(!) [plugin typescript] 
src/entities/Enemy.ts (771:16): 
@rollup/plugin-typescript TS7006: 
Parameter 'type' implicitly has an 
'any' type.[39m[22m
[1mC:/Drift/src/entities/Enemy.ts:771:
16[22m
[90m
[7m771[0m  isItemIgnored(type) {
[7m   [0m [91m               
~~~~[0m
[39m
[1m[33m(!) [plugin typescript] 
src/entities/Enemy.ts (805:25): 
@rollup/plugin-typescript TS7006: 
Parameter 'entity' implicitly has an 
'any' type.[39m[22m
[1mC:/Drift/src/entities/Enemy.ts:805:
25[22m
[90m
[7m805[0m  
removeEntityFromMemory(entity) {
[7m   [0m [91m                      
  ~~~~~~[0m
[39m
[1m[31m[!] [1mError: Could not load 
C:\Drift\node_modules\three\examples\js
m\loaders\GLTFLoader (imported by 
src/core/AssetManager.ts): ENOENT: no 
such file or directory, open 'C:\Drift\
node_modules\three\examples\jsm\loaders
\GLTFLoader'[22m[1m[39m[22m
[2m    at async open 
(node:internal/fs/promises:638:25)
    at async Module.readFile 
(node:internal/fs/promises:1238:14)
    at async C:\Drift\node_modules\roll
up\dist\shared\rollup.js:22566:25
    at async Queue.work (C:\Drift\node_
modules\rollup\dist\shared\rollup.js:22
933:32)[22m


