src/controls/FirstPersonControls.ts(134,3): error TS2531: Object is possibly 'null'.
src/controls/FirstPersonControls.ts(137,3): error TS2531: Object is possibly 'null'.
src/controls/FirstPersonControls.ts(176,9): error TS7006: Parameter 'delta' implicitly has an 'any' type.
src/controls/FirstPersonControls.ts(182,18): error TS2531: Object is possibly 'null'.
src/controls/FirstPersonControls.ts(194,32): error TS2531: Object is possibly 'null'.
src/controls/FirstPersonControls.ts(196,5): error TS2531: Object is possibly 'null'.
src/controls/FirstPersonControls.ts(212,18): error TS7006: Parameter 'delta' implicitly has an 'any' type.
src/controls/FirstPersonControls.ts(227,3): error TS18047: 'owner' is possibly 'null'.
src/controls/FirstPersonControls.ts(227,47): error TS18047: 'owner' is possibly 'null'.
src/controls/FirstPersonControls.ts(241,16): error TS18047: 'owner' is possibly 'null'.
src/controls/FirstPersonControls.ts(252,22): error TS18047: 'owner' is possibly 'null'.
src/controls/FirstPersonControls.ts(262,18): error TS2531: Object is possibly 'null'.
src/controls/FirstPersonControls.ts(263,4): error TS18048: 'audio' is possibly 'undefined'.
src/controls/FirstPersonControls.ts(271,18): error TS2531: Object is possibly 'null'.
src/controls/FirstPersonControls.ts(272,4): error TS18048: 'audio' is possibly 'undefined'.
src/controls/FirstPersonControls.ts(288,27): error TS18047: 'owner' is possibly 'null'.
src/controls/FirstPersonControls.ts(303,22): error TS7006: Parameter 'event' implicitly has an 'any' type.
src/controls/FirstPersonControls.ts(305,6): error TS2683: 'this' implicitly has type 'any' because it does not have a type annotation.
src/controls/FirstPersonControls.ts(307,3): error TS2683: 'this' implicitly has type 'any' because it does not have a type annotation.
src/controls/FirstPersonControls.ts(308,3): error TS2683: 'this' implicitly has type 'any' because it does not have a type annotation.
src/controls/FirstPersonControls.ts(314,20): error TS7006: Parameter 'event' implicitly has an 'any' type.
src/controls/FirstPersonControls.ts(316,6): error TS2683: 'this' implicitly has type 'any' because it does not have a type annotation.
src/controls/FirstPersonControls.ts(318,3): error TS2683: 'this' implicitly has type 'any' because it does not have a type annotation.
src/controls/FirstPersonControls.ts(324,22): error TS7006: Parameter 'event' implicitly has an 'any' type.
src/controls/FirstPersonControls.ts(326,6): error TS2683: 'this' implicitly has type 'any' because it does not have a type annotation.
src/controls/FirstPersonControls.ts(328,3): error TS2683: 'this' implicitly has type 'any' because it does not have a type annotation.
src/controls/FirstPersonControls.ts(328,47): error TS2683: 'this' implicitly has type 'any' because it does not have a type annotation.
src/controls/FirstPersonControls.ts(329,3): error TS2683: 'this' implicitly has type 'any' because it does not have a type annotation.
src/controls/FirstPersonControls.ts(329,47): error TS2683: 'this' implicitly has type 'any' because it does not have a type annotation.
src/controls/FirstPersonControls.ts(331,3): error TS2683: 'this' implicitly has type 'any' because it does not have a type annotation.
src/controls/FirstPersonControls.ts(331,52): error TS2683: 'this' implicitly has type 'any' because it does not have a type annotation.
src/controls/FirstPersonControls.ts(333,3): error TS2683: 'this' implicitly has type 'any' because it does not have a type annotation.
src/controls/FirstPersonControls.ts(333,36): error TS2683: 'this' implicitly has type 'any' because it does not have a type annotation.
src/controls/FirstPersonControls.ts(334,3): error TS2683: 'this' implicitly has type 'any' because it does not have a type annotation.
src/controls/FirstPersonControls.ts(334,38): error TS2683: 'this' implicitly has type 'any' because it does not have a type annotation.
src/controls/FirstPersonControls.ts(344,3): error TS2683: 'this' implicitly has type 'any' because it does not have a type annotation.
src/controls/FirstPersonControls.ts(348,3): error TS2683: 'this' implicitly has type 'any' because it does not have a type annotation.
src/controls/FirstPersonControls.ts(350,3): error TS2683: 'this' implicitly has type 'any' because it does not have a type annotation.
src/controls/FirstPersonControls.ts(362,20): error TS7006: Parameter 'event' implicitly has an 'any' type.
src/controls/FirstPersonControls.ts(364,6): error TS2683: 'this' implicitly has type 'any' because it does not have a type annotation.
src/controls/FirstPersonControls.ts(370,5): error TS2683: 'this' implicitly has type 'any' because it does not have a type annotation.
src/controls/FirstPersonControls.ts(375,5): error TS2683: 'this' implicitly has type 'any' because it does not have a type annotation.
src/controls/FirstPersonControls.ts(380,5): error TS2683: 'this' implicitly has type 'any' because it does not have a type annotation.
src/controls/FirstPersonControls.ts(385,5): error TS2683: 'this' implicitly has type 'any' because it does not have a type annotation.
src/controls/FirstPersonControls.ts(389,5): error TS2683: 'this' implicitly has type 'any' because it does not have a type annotation.
src/controls/FirstPersonControls.ts(393,5): error TS2683: 'this' implicitly has type 'any' because it does not have a type annotation.
src/controls/FirstPersonControls.ts(397,9): error TS2683: 'this' implicitly has type 'any' because it does not have a type annotation.
src/controls/FirstPersonControls.ts(399,6): error TS2683: 'this' implicitly has type 'any' because it does not have a type annotation.
src/controls/FirstPersonControls.ts(405,9): error TS2683: 'this' implicitly has type 'any' because it does not have a type annotation.
src/controls/FirstPersonControls.ts(407,6): error TS2683: 'this' implicitly has type 'any' because it does not have a type annotation.
src/controls/FirstPersonControls.ts(418,18): error TS7006: Parameter 'event' implicitly has an 'any' type.
src/controls/FirstPersonControls.ts(420,6): error TS2683: 'this' implicitly has type 'any' because it does not have a type annotation.
src/controls/FirstPersonControls.ts(426,5): error TS2683: 'this' implicitly has type 'any' because it does not have a type annotation.
src/controls/FirstPersonControls.ts(431,5): error TS2683: 'this' implicitly has type 'any' because it does not have a type annotation.
src/controls/FirstPersonControls.ts(436,5): error TS2683: 'this' implicitly has type 'any' because it does not have a type annotation.
src/controls/FirstPersonControls.ts(441,5): error TS2683: 'this' implicitly has type 'any' because it does not have a type annotation.
src/core/AssetManager.ts(80,5): error TS2794: Expected 1 arguments, but got 0. Did you forget to include 'void' in your type argument to 'Promise'?
src/core/AssetManager.ts(323,16): error TS2339: Property 'isMesh' does not exist on type 'Object3D<Object3DEventMap>'.
src/core/AssetManager.ts(325,13): error TS2339: Property 'material' does not exist on type 'Object3D<Object3DEventMap>'.
src/core/AssetManager.ts(363,4): error TS18048: 'mesh' is possibly 'undefined'.
src/core/AssetManager.ts(363,9): error TS2339: Property 'material' does not exist on type 'Object3D<Object3DEventMap>'.
src/core/AssetManager.ts(364,4): error TS18048: 'mesh' is possibly 'undefined'.
src/core/AssetManager.ts(364,9): error TS2339: Property 'material' does not exist on type 'Object3D<Object3DEventMap>'.
src/core/AssetManager.ts(365,4): error TS18048: 'mesh' is possibly 'undefined'.
src/core/AssetManager.ts(365,9): error TS2339: Property 'material' does not exist on type 'Object3D<Object3DEventMap>'.
src/core/Feature.ts(1,24): error TS2307: Cannot find module '' or its corresponding type declarations.
src/core/Feature.ts(2,88): error TS2307: Cannot find module '' or its corresponding type declarations.
src/core/Feature.ts(21,30): error TS7006: Parameter 'enemy' implicitly has an 'any' type.
src/core/Feature.ts(44,35): error TS7006: Parameter 'enemy' implicitly has an 'any' type.
src/core/Feature.ts(44,42): error TS7006: Parameter 'weaponType' implicitly has an 'any' type.
src/core/Feature.ts(58,17): error TS7006: Parameter 'enemy' implicitly has an 'any' type.
src/core/Feature.ts(73,25): error TS7006: Parameter 'enemy' implicitly has an 'any' type.
src/core/Feature.ts(73,32): error TS7006: Parameter 'itemType' implicitly has an 'any' type.
src/core/SpawningManager.ts(2,28): error TS2307: Cannot find module '' or its corresponding type declarations.
src/core/SpawningManager.ts(3,27): error TS2307: Cannot find module '' or its corresponding type declarations.
src/core/SpawningManager.ts(4,28): error TS2307: Cannot find module '' or its corresponding type declarations.
src/core/SpawningManager.ts(5,101): error TS2307: Cannot find module '' or its corresponding type declarations.
src/core/SpawningManager.ts(6,28): error TS2307: Cannot find module '' or its corresponding type declarations.
src/core/SpawningManager.ts(7,24): error TS2307: Cannot find module '' or its corresponding type declarations.
src/core/SpawningManager.ts(22,15): error TS7006: Parameter 'world' implicitly has an 'any' type.
src/core/SpawningManager.ts(24,8): error TS2339: Property 'world' does not exist on type 'SpawningManager'.
src/core/SpawningManager.ts(28,8): error TS2551: Property 'spawningPoints' does not exist on type 'SpawningManager'. Did you mean 'initSpawningPoints'?
src/core/SpawningManager.ts(32,8): error TS2339: Property 'itemTriggerMap' does not exist on type 'SpawningManager'.
src/core/SpawningManager.ts(36,8): error TS2339: Property 'healthPacks' does not exist on type 'SpawningManager'.
src/core/SpawningManager.ts(37,8): error TS2339: Property 'healthPackSpawningPoints' does not exist on type 'SpawningManager'.
src/core/SpawningManager.ts(41,8): error TS2339: Property 'blasters' does not exist on type 'SpawningManager'.
src/core/SpawningManager.ts(42,8): error TS2339: Property 'blasterSpawningPoints' does not exist on type 'SpawningManager'.
src/core/SpawningManager.ts(44,8): error TS2339: Property 'shotguns' does not exist on type 'SpawningManager'.
src/core/SpawningManager.ts(45,8): error TS2339: Property 'shotgunSpawningPoints' does not exist on type 'SpawningManager'.
src/core/SpawningManager.ts(47,8): error TS2339: Property 'assaultRilfles' does not exist on type 'SpawningManager'.
src/core/SpawningManager.ts(48,8): error TS2339: Property 'assaultRilflesSpawningPoints' does not exist on type 'SpawningManager'.
src/core/SpawningManager.ts(58,10): error TS7006: Parameter 'delta' implicitly has an 'any' type.
src/core/SpawningManager.ts(60,29): error TS2339: Property 'healthPacks' does not exist on type 'SpawningManager'.
src/core/SpawningManager.ts(61,29): error TS2339: Property 'blasters' does not exist on type 'SpawningManager'.
src/core/SpawningManager.ts(62,29): error TS2339: Property 'shotguns' does not exist on type 'SpawningManager'.
src/core/SpawningManager.ts(63,29): error TS2339: Property 'assaultRilfles' does not exist on type 'SpawningManager'.
src/core/SpawningManager.ts(76,18): error TS7006: Parameter 'itemsList' implicitly has an 'any' type.
src/core/SpawningManager.ts(76,29): error TS7006: Parameter 'delta' implicitly has an 'any' type.
src/core/SpawningManager.ts(104,15): error TS7006: Parameter 'type' implicitly has an 'any' type.
src/core/SpawningManager.ts(111,21): error TS2339: Property 'healthPacks' does not exist on type 'SpawningManager'.
src/core/SpawningManager.ts(115,21): error TS2339: Property 'blasters' does not exist on type 'SpawningManager'.
src/core/SpawningManager.ts(119,21): error TS2339: Property 'shotguns' does not exist on type 'SpawningManager'.
src/core/SpawningManager.ts(123,21): error TS2339: Property 'assaultRilfles' does not exist on type 'SpawningManager'.
src/core/SpawningManager.ts(142,21): error TS7006: Parameter 'competitor' implicitly has an 'any' type.
src/core/SpawningManager.ts(161,17): error TS7006: Parameter 'enemy' implicitly has an 'any' type.
src/core/SpawningManager.ts(163,31): error TS2551: Property 'spawningPoints' does not exist on type 'SpawningManager'. Did you mean 'initSpawningPoints'?
src/core/SpawningManager.ts(164,28): error TS2339: Property 'world' does not exist on type 'SpawningManager'.
src/core/SpawningManager.ts(230,28): error TS2339: Property 'world' does not exist on type 'SpawningManager'.
src/core/SpawningManager.ts(237,9): error TS2551: Property 'spawningPoints' does not exist on type 'SpawningManager'. Did you mean 'initSpawningPoints'?
src/core/SpawningManager.ts(246,9): error TS2339: Property 'healthPackSpawningPoints' does not exist on type 'SpawningManager'.
src/core/SpawningManager.ts(252,9): error TS2339: Property 'shotgunSpawningPoints' does not exist on type 'SpawningManager'.
src/core/SpawningManager.ts(258,9): error TS2339: Property 'assaultRilflesSpawningPoints' does not exist on type 'SpawningManager'.
src/core/SpawningManager.ts(273,22): error TS2339: Property 'world' does not exist on type 'SpawningManager'.
src/core/SpawningManager.ts(276,35): error TS2339: Property 'healthPackSpawningPoints' does not exist on type 'SpawningManager'.
src/core/SpawningManager.ts(287,9): error TS2339: Property 'healthPacks' does not exist on type 'SpawningManager'.
src/core/SpawningManager.ts(317,22): error TS2339: Property 'world' does not exist on type 'SpawningManager'.
src/core/SpawningManager.ts(320,35): error TS2339: Property 'blasterSpawningPoints' does not exist on type 'SpawningManager'.
src/core/SpawningManager.ts(331,9): error TS2339: Property 'blasters' does not exist on type 'SpawningManager'.
src/core/SpawningManager.ts(351,35): error TS2339: Property 'shotgunSpawningPoints' does not exist on type 'SpawningManager'.
src/core/SpawningManager.ts(362,9): error TS2339: Property 'shotguns' does not exist on type 'SpawningManager'.
src/core/SpawningManager.ts(382,35): error TS2339: Property 'assaultRilflesSpawningPoints' does not exist on type 'SpawningManager'.
src/core/SpawningManager.ts(393,9): error TS2339: Property 'assaultRilfles' does not exist on type 'SpawningManager'.
src/core/SpawningManager.ts(394,9): error TS2339: Property 'world' does not exist on type 'SpawningManager'.
src/core/SpawningManager.ts(424,17): error TS7006: Parameter 'item' implicitly has an 'any' type.
src/core/SpawningManager.ts(424,23): error TS7006: Parameter 'radius' implicitly has an 'any' type.
src/core/SpawningManager.ts(431,8): error TS2339: Property 'itemTriggerMap' does not exist on type 'SpawningManager'.
src/core/SpawningManager.ts(435,13): error TS2339: Property 'world' does not exist on type 'SpawningManager'.
src/core/SpawningManager.ts(440,9): error TS2339: Property 'world' does not exist on type 'SpawningManager'.
src/core/SpawningManager.ts(441,9): error TS2339: Property 'world' does not exist on type 'SpawningManager'.
src/core/SpawningManager.ts(454,16): error TS7006: Parameter 'item' implicitly has an 'any' type.
src/core/SpawningManager.ts(458,24): error TS2339: Property 'itemTriggerMap' does not exist on type 'SpawningManager'.
src/core/SpawningManager.ts(474,16): error TS7006: Parameter 'entity' implicitly has an 'any' type.
src/core/SpawningManager.ts(474,24): error TS7006: Parameter 'renderComponent' implicitly has an 'any' type.
src/core/TargetSystem.ts(16,15): error TS7006: Parameter 'owner' implicitly has an 'any' type.
src/core/TargetSystem.ts(18,8): error TS2339: Property 'owner' does not exist on type 'TargetSystem'.
src/core/TargetSystem.ts(20,8): error TS2339: Property '_currentRecord' does not exist on type 'TargetSystem'.
src/core/TargetSystem.ts(31,24): error TS2339: Property 'owner' does not exist on type 'TargetSystem'.
src/core/TargetSystem.ts(35,8): error TS2339: Property '_currentRecord' does not exist on type 'TargetSystem'.
src/core/TargetSystem.ts(70,27): error TS2339: Property 'owner' does not exist on type 'TargetSystem'.
src/core/TargetSystem.ts(75,11): error TS2339: Property '_currentRecord' does not exist on type 'TargetSystem'.
src/core/TargetSystem.ts(94,11): error TS2339: Property '_currentRecord' does not exist on type 'TargetSystem'.
src/core/TargetSystem.ts(113,8): error TS2339: Property '_currentRecord' does not exist on type 'TargetSystem'.
src/core/TargetSystem.ts(126,17): error TS2339: Property '_currentRecord' does not exist on type 'TargetSystem'.
src/core/TargetSystem.ts(126,50): error TS2339: Property '_currentRecord' does not exist on type 'TargetSystem'.
src/core/TargetSystem.ts(137,17): error TS2339: Property '_currentRecord' does not exist on type 'TargetSystem'.
src/core/TargetSystem.ts(137,50): error TS2339: Property '_currentRecord' does not exist on type 'TargetSystem'.
src/core/TargetSystem.ts(148,17): error TS2339: Property '_currentRecord' does not exist on type 'TargetSystem'.
src/core/TargetSystem.ts(148,50): error TS2339: Property '_currentRecord' does not exist on type 'TargetSystem'.
src/core/TargetSystem.ts(159,17): error TS2339: Property '_currentRecord' does not exist on type 'TargetSystem'.
src/core/TargetSystem.ts(159,50): error TS2339: Property '_currentRecord' does not exist on type 'TargetSystem'.
src/core/TargetSystem.ts(169,17): error TS2339: Property '_currentRecord' does not exist on type 'TargetSystem'.
src/core/TargetSystem.ts(169,50): error TS2339: Property '_currentRecord' does not exist on type 'TargetSystem'.
src/core/TargetSystem.ts(179,15): error TS2339: Property '_currentRecord' does not exist on type 'TargetSystem'.
src/core/UIManager.ts(2,24): error TS2307: Cannot find module '' or its corresponding type declarations.
src/core/UIManager.ts(21,15): error TS7006: Parameter 'world' implicitly has an 'any' type.
src/core/UIManager.ts(23,8): error TS2339: Property 'world' does not exist on type 'UIManager'.
src/core/UIManager.ts(24,8): error TS2339: Property 'currentTime' does not exist on type 'UIManager'.
src/core/UIManager.ts(26,8): error TS2339: Property 'hitIndicationTime' does not exist on type 'UIManager'.
src/core/UIManager.ts(27,8): error TS2551: Property 'endTimeHitIndication' does not exist on type 'UIManager'. Did you mean 'hideHitIndication'?
src/core/UIManager.ts(29,8): error TS2551: Property 'damageIndicationTime' does not exist on type 'UIManager'. Did you mean 'showDamageIndication'?
src/core/UIManager.ts(30,8): error TS2339: Property 'endTimeDamageIndicationFront' does not exist on type 'UIManager'.
src/core/UIManager.ts(31,8): error TS2339: Property 'endTimeDamageIndicationRight' does not exist on type 'UIManager'.
src/core/UIManager.ts(32,8): error TS2339: Property 'endTimeDamageIndicationLeft' does not exist on type 'UIManager'.
src/core/UIManager.ts(33,8): error TS2339: Property 'endTimeDamageIndicationBack' does not exist on type 'UIManager'.
src/core/UIManager.ts(34,8): error TS2551: Property 'fragMessages' does not exist on type 'UIManager'. Did you mean 'addFragMessage'?
src/core/UIManager.ts(36,8): error TS2339: Property 'html' does not exist on type 'UIManager'.
src/core/UIManager.ts(47,8): error TS2339: Property 'sprites' does not exist on type 'UIManager'.
src/core/UIManager.ts(60,8): error TS2339: Property 'camera' does not exist on type 'UIManager'.
src/core/UIManager.ts(61,8): error TS2339: Property 'camera' does not exist on type 'UIManager'.
src/core/UIManager.ts(63,8): error TS2339: Property 'scene' does not exist on type 'UIManager'.
src/core/UIManager.ts(67,8): error TS2339: Property 'datGui' does not exist on type 'UIManager'.
src/core/UIManager.ts(69,8): error TS2339: Property 'debugParameter' does not exist on type 'UIManager'.
src/core/UIManager.ts(82,10): error TS2339: Property 'world' does not exist on type 'UIManager'.
src/core/UIManager.ts(100,22): error TS2339: Property 'world' does not exist on type 'UIManager'.
src/core/UIManager.ts(105,24): error TS2339: Property 'debugParameter' does not exist on type 'UIManager'.
src/core/UIManager.ts(169,28): error TS2339: Property 'world' does not exist on type 'UIManager'.
src/core/UIManager.ts(203,9): error TS2339: Property 'datGui' does not exist on type 'UIManager'.
src/core/UIManager.ts(209,8): error TS2339: Property 'html' does not exist on type 'UIManager'.
src/core/UIManager.ts(209,64): error TS7006: Parameter 'event' implicitly has an 'any' type.
src/core/UIManager.ts(212,9): error TS2339: Property 'html' does not exist on type 'UIManager'.
src/core/UIManager.ts(218,8): error TS2339: Property 'html' does not exist on type 'UIManager'.
src/core/UIManager.ts(230,10): error TS7006: Parameter 'delta' implicitly has an 'any' type.
src/core/UIManager.ts(232,8): error TS2339: Property 'currentTime' does not exist on type 'UIManager'.
src/core/UIManager.ts(234,13): error TS2339: Property 'currentTime' does not exist on type 'UIManager'.
src/core/UIManager.ts(234,33): error TS2551: Property 'endTimeHitIndication' does not exist on type 'UIManager'. Did you mean 'hideHitIndication'?
src/core/UIManager.ts(242,13): error TS2339: Property 'currentTime' does not exist on type 'UIManager'.
src/core/UIManager.ts(242,33): error TS2339: Property 'endTimeDamageIndicationFront' does not exist on type 'UIManager'.
src/core/UIManager.ts(244,9): error TS2339: Property 'sprites' does not exist on type 'UIManager'.
src/core/UIManager.ts(248,13): error TS2339: Property 'currentTime' does not exist on type 'UIManager'.
src/core/UIManager.ts(248,33): error TS2339: Property 'endTimeDamageIndicationRight' does not exist on type 'UIManager'.
src/core/UIManager.ts(250,9): error TS2339: Property 'sprites' does not exist on type 'UIManager'.
src/core/UIManager.ts(254,13): error TS2339: Property 'currentTime' does not exist on type 'UIManager'.
src/core/UIManager.ts(254,33): error TS2339: Property 'endTimeDamageIndicationLeft' does not exist on type 'UIManager'.
src/core/UIManager.ts(256,9): error TS2339: Property 'sprites' does not exist on type 'UIManager'.
src/core/UIManager.ts(260,13): error TS2339: Property 'currentTime' does not exist on type 'UIManager'.
src/core/UIManager.ts(260,33): error TS2339: Property 'endTimeDamageIndicationBack' does not exist on type 'UIManager'.
src/core/UIManager.ts(262,9): error TS2339: Property 'sprites' does not exist on type 'UIManager'.
src/core/UIManager.ts(286,8): error TS2339: Property 'sprites' does not exist on type 'UIManager'.
src/core/UIManager.ts(287,8): error TS2551: Property 'endTimeHitIndication' does not exist on type 'UIManager'. Did you mean 'hideHitIndication'?
src/core/UIManager.ts(287,36): error TS2339: Property 'currentTime' does not exist on type 'UIManager'.
src/core/UIManager.ts(287,55): error TS2339: Property 'hitIndicationTime' does not exist on type 'UIManager'.
src/core/UIManager.ts(301,8): error TS2339: Property 'sprites' does not exist on type 'UIManager'.
src/core/UIManager.ts(302,8): error TS2551: Property 'endTimeHitIndication' does not exist on type 'UIManager'. Did you mean 'hideHitIndication'?
src/core/UIManager.ts(315,24): error TS7006: Parameter 'angle' implicitly has an 'any' type.
src/core/UIManager.ts(319,9): error TS2339: Property 'sprites' does not exist on type 'UIManager'.
src/core/UIManager.ts(320,9): error TS2339: Property 'endTimeDamageIndicationFront' does not exist on type 'UIManager'.
src/core/UIManager.ts(320,45): error TS2339: Property 'currentTime' does not exist on type 'UIManager'.
src/core/UIManager.ts(320,64): error TS2551: Property 'damageIndicationTime' does not exist on type 'UIManager'. Did you mean 'showDamageIndication'?
src/core/UIManager.ts(324,9): error TS2339: Property 'sprites' does not exist on type 'UIManager'.
src/core/UIManager.ts(325,9): error TS2339: Property 'endTimeDamageIndicationRight' does not exist on type 'UIManager'.
src/core/UIManager.ts(325,45): error TS2339: Property 'currentTime' does not exist on type 'UIManager'.
src/core/UIManager.ts(325,64): error TS2551: Property 'damageIndicationTime' does not exist on type 'UIManager'. Did you mean 'showDamageIndication'?
src/core/UIManager.ts(329,9): error TS2339: Property 'sprites' does not exist on type 'UIManager'.
src/core/UIManager.ts(330,9): error TS2339: Property 'endTimeDamageIndicationLeft' does not exist on type 'UIManager'.
src/core/UIManager.ts(330,44): error TS2339: Property 'currentTime' does not exist on type 'UIManager'.
src/core/UIManager.ts(330,63): error TS2551: Property 'damageIndicationTime' does not exist on type 'UIManager'. Did you mean 'showDamageIndication'?
src/core/UIManager.ts(334,9): error TS2339: Property 'sprites' does not exist on type 'UIManager'.
src/core/UIManager.ts(335,9): error TS2339: Property 'endTimeDamageIndicationBack' does not exist on type 'UIManager'.
src/core/UIManager.ts(335,44): error TS2339: Property 'currentTime' does not exist on type 'UIManager'.
src/core/UIManager.ts(335,63): error TS2551: Property 'damageIndicationTime' does not exist on type 'UIManager'. Did you mean 'showDamageIndication'?
src/core/UIManager.ts(350,8): error TS2339: Property 'sprites' does not exist on type 'UIManager'.
src/core/UIManager.ts(352,8): error TS2339: Property 'html' does not exist on type 'UIManager'.
src/core/UIManager.ts(353,8): error TS2339: Property 'html' does not exist on type 'UIManager'.
src/core/UIManager.ts(369,8): error TS2339: Property 'html' does not exist on type 'UIManager'.
src/core/UIManager.ts(370,8): error TS2339: Property 'html' does not exist on type 'UIManager'.
src/core/UIManager.ts(372,8): error TS2339: Property 'sprites' does not exist on type 'UIManager'.
src/core/UIManager.ts(373,8): error TS2339: Property 'sprites' does not exist on type 'UIManager'.
src/core/UIManager.ts(374,8): error TS2339: Property 'sprites' does not exist on type 'UIManager'.
src/core/UIManager.ts(375,8): error TS2339: Property 'sprites' does not exist on type 'UIManager'.
src/core/UIManager.ts(376,8): error TS2339: Property 'sprites' does not exist on type 'UIManager'.
src/core/UIManager.ts(389,11): error TS7006: Parameter 'width' implicitly has an 'any' type.
src/core/UIManager.ts(389,18): error TS7006: Parameter 'height' implicitly has an 'any' type.
src/core/UIManager.ts(391,8): error TS2339: Property 'camera' does not exist on type 'UIManager'.
src/core/UIManager.ts(392,8): error TS2339: Property 'camera' does not exist on type 'UIManager'.
src/core/UIManager.ts(393,8): error TS2339: Property 'camera' does not exist on type 'UIManager'.
src/core/UIManager.ts(394,8): error TS2339: Property 'camera' does not exist on type 'UIManager'.
src/core/UIManager.ts(395,8): error TS2339: Property 'camera' does not exist on type 'UIManager'.
src/core/UIManager.ts(408,29): error TS2551: Property 'fragMessages' does not exist on type 'UIManager'. Did you mean 'addFragMessage'?
src/core/UIManager.ts(416,14): error TS2339: Property 'currentTime' does not exist on type 'UIManager'.
src/core/UIManager.ts(422,27): error TS2339: Property 'html' does not exist on type 'UIManager'.
src/core/UIManager.ts(433,9): error TS2339: Property 'html' does not exist on type 'UIManager'.
src/core/UIManager.ts(447,18): error TS7006: Parameter 'fragger' implicitly has an 'any' type.
src/core/UIManager.ts(447,27): error TS7006: Parameter 'victim' implicitly has an 'any' type.
src/core/UIManager.ts(451,8): error TS2339: Property 'html' does not exist on type 'UIManager'.
src/core/UIManager.ts(479,18): error TS2339: Property 'currentTime' does not exist on type 'UIManager'.
src/core/UIManager.ts(483,8): error TS2551: Property 'fragMessages' does not exist on type 'UIManager'. Did you mean 'addFragMessage'?
src/core/UIManager.ts(487,25): error TS2339: Property 'html' does not exist on type 'UIManager'.
src/core/UIManager.ts(501,23): error TS2339: Property 'world' does not exist on type 'UIManager'.
src/core/UIManager.ts(504,8): error TS2339: Property 'html' does not exist on type 'UIManager'.
src/core/UIManager.ts(505,8): error TS2339: Property 'html' does not exist on type 'UIManager'.
src/core/UIManager.ts(518,23): error TS2339: Property 'world' does not exist on type 'UIManager'.
src/core/UIManager.ts(520,8): error TS2339: Property 'html' does not exist on type 'UIManager'.
src/core/UIManager.ts(533,8): error TS2339: Property 'datGui' does not exist on type 'UIManager'.
src/core/UIManager.ts(546,8): error TS2339: Property 'datGui' does not exist on type 'UIManager'.
src/core/UIManager.ts(561,34): error TS2339: Property 'world' does not exist on type 'UIManager'.
src/core/UIManager.ts(570,8): error TS2339: Property 'scene' does not exist on type 'UIManager'.
src/core/UIManager.ts(572,8): error TS2339: Property 'sprites' does not exist on type 'UIManager'.
src/core/UIManager.ts(578,38): error TS2339: Property 'world' does not exist on type 'UIManager'.
src/core/UIManager.ts(587,8): error TS2339: Property 'scene' does not exist on type 'UIManager'.
src/core/UIManager.ts(589,8): error TS2339: Property 'sprites' does not exist on type 'UIManager'.
src/core/UIManager.ts(593,38): error TS2339: Property 'world' does not exist on type 'UIManager'.
src/core/UIManager.ts(602,8): error TS2339: Property 'scene' does not exist on type 'UIManager'.
src/core/UIManager.ts(604,8): error TS2339: Property 'sprites' does not exist on type 'UIManager'.
src/core/UIManager.ts(608,37): error TS2339: Property 'world' does not exist on type 'UIManager'.
src/core/UIManager.ts(617,8): error TS2339: Property 'scene' does not exist on type 'UIManager'.
src/core/UIManager.ts(619,8): error TS2339: Property 'sprites' does not exist on type 'UIManager'.
src/core/UIManager.ts(623,37): error TS2339: Property 'world' does not exist on type 'UIManager'.
src/core/UIManager.ts(632,8): error TS2339: Property 'scene' does not exist on type 'UIManager'.
src/core/UIManager.ts(634,8): error TS2339: Property 'sprites' does not exist on type 'UIManager'.
src/core/UIManager.ts(647,8): error TS2339: Property 'world' does not exist on type 'UIManager'.
src/core/UIManager.ts(649,8): error TS2339: Property 'world' does not exist on type 'UIManager'.
src/core/UIManager.ts(649,36): error TS2339: Property 'scene' does not exist on type 'UIManager'.
src/core/UIManager.ts(649,48): error TS2339: Property 'camera' does not exist on type 'UIManager'.
src/core/WeaponSystem.ts(209,6): error TS2322: Type 'number | null' is not assignable to type 'number'.
  Type 'null' is not assignable to type 'number'.
src/core/WeaponSystem.ts(231,15): error TS7006: Parameter 'type' implicitly has an 'any' type.
src/core/WeaponSystem.ts(283,12): error TS7006: Parameter 'type' implicitly has an 'any' type.
src/core/WeaponSystem.ts(326,4): error TS18048: 'weaponInventory' is possibly 'undefined'.
src/core/WeaponSystem.ts(326,30): error TS18048: 'weapon' is possibly 'undefined'.
src/core/WeaponSystem.ts(332,30): error TS2345: Argument of type 'Blaster | Shotgun | AssaultRifle | undefined' is not assignable to parameter of type 'Weapon | null'.
  Type 'undefined' is not assignable to type 'Weapon | null'.
src/core/WeaponSystem.ts(333,22): error TS2345: Argument of type 'Blaster | Shotgun | AssaultRifle | undefined' is not assignable to parameter of type 'Weapon'.
  Type 'undefined' is not assignable to type 'Weapon'.
src/core/WeaponSystem.ts(342,5): error TS18048: 'weapon' is possibly 'undefined'.
src/core/WeaponSystem.ts(343,5): error TS18048: 'weapon' is possibly 'undefined'.
src/core/WeaponSystem.ts(344,5): error TS18048: 'weapon' is possibly 'undefined'.
src/core/WeaponSystem.ts(345,5): error TS18048: 'weapon' is possibly 'undefined'.
src/core/WeaponSystem.ts(349,5): error TS18048: 'weapon' is possibly 'undefined'.
src/core/WeaponSystem.ts(365,15): error TS7006: Parameter 'type' implicitly has an 'any' type.
src/core/WeaponSystem.ts(388,16): error TS7006: Parameter 'type' implicitly has an 'any' type.
src/core/WeaponSystem.ts(408,12): error TS7006: Parameter 'type' implicitly has an 'any' type.
src/core/WeaponSystem.ts(486,28): error TS7006: Parameter 'type' implicitly has an 'any' type.
src/core/WeaponSystem.ts(500,9): error TS7006: Parameter 'delta' implicitly has an 'any' type.
src/core/WeaponSystem.ts(550,19): error TS7006: Parameter 'delta' implicitly has an 'any' type.
src/core/WeaponSystem.ts(640,16): error TS7006: Parameter 'targetPosition' implicitly has an 'any' type.
src/core/WeaponSystem.ts(663,8): error TS7006: Parameter 'targetPosition' implicitly has an 'any' type.
src/core/WeaponSystem.ts(1006,26): error TS7006: Parameter 'fuzzySets' implicitly has an 'any' type.
src/core/WeaponSystem.ts(1047,26): error TS7006: Parameter 'fuzzySets' implicitly has an 'any' type.
src/core/WeaponSystem.ts(1088,31): error TS7006: Parameter 'fuzzySets' implicitly has an 'any' type.
src/core/WeaponSystem.ts(1125,15): error TS7006: Parameter 'entity' implicitly has an 'any' type.
src/core/WeaponSystem.ts(1125,23): error TS7006: Parameter 'renderComponent' implicitly has an 'any' type.
src/core/World.ts(99,4): error TS2740: Type 'any[]' is missing the following properties from type 'Object3D<Object3DEventMap>': isObject3D, id, uuid, name, and 72 more.
src/core/World.ts(141,6): error TS7006: Parameter 'entity' implicitly has an 'any' type.
src/core/World.ts(162,9): error TS7006: Parameter 'entity' implicitly has an 'any' type.
src/core/World.ts(184,12): error TS7006: Parameter 'owner' implicitly has an 'any' type.
src/core/World.ts(184,19): error TS7006: Parameter 'ray' implicitly has an 'any' type.
src/core/World.ts(256,17): error TS7006: Parameter 'entity' implicitly has an 'any' type.
src/core/World.ts(256,25): error TS7006: Parameter 'itemType' implicitly has an 'any' type.
src/core/World.ts(256,35): error TS7006: Parameter 'result' implicitly has an 'any' type.
src/core/World.ts(349,16): error TS2339: Property 'uniforms' does not exist on type 'Material | Material[]'.
  Property 'uniforms' does not exist on type 'Material'.
src/core/World.ts(350,16): error TS2339: Property 'uniforms' does not exist on type 'Material | Material[]'.
  Property 'uniforms' does not exist on type 'Material'.
src/core/World.ts(351,16): error TS2339: Property 'uniforms' does not exist on type 'Material | Material[]'.
  Property 'uniforms' does not exist on type 'Material'.
src/core/World.ts(511,87): error TS2551: Property 'spawningPoints' does not exist on type 'SpawningManager'. Did you mean 'initSpawningPoints'?
src/core/World.ts(539,30): error TS2339: Property 'cloneAudio' does not exist on type 'AssetManager'.
src/core/World.ts(540,30): error TS2339: Property 'cloneAudio' does not exist on type 'AssetManager'.
src/core/World.ts(556,12): error TS2345: Argument of type 'PositionalAudio | undefined' is not assignable to parameter of type 'Object3D<Object3DEventMap>'.
  Type 'undefined' is not assignable to type 'Object3D<Object3DEventMap>'.
src/core/World.ts(560,32): error TS2345: Argument of type 'PositionalAudio | undefined' is not assignable to parameter of type 'PositionalAudio'.
  Type 'undefined' is not assignable to type 'PositionalAudio'.
src/core/World.ts(561,32): error TS2345: Argument of type 'PositionalAudio | undefined' is not assignable to parameter of type 'PositionalAudio'.
  Type 'undefined' is not assignable to type 'PositionalAudio'.
src/core/World.ts(562,32): error TS2345: Argument of type 'PositionalAudio | undefined' is not assignable to parameter of type 'PositionalAudio'.
  Type 'undefined' is not assignable to type 'PositionalAudio'.
src/core/World.ts(563,32): error TS2345: Argument of type 'PositionalAudio | undefined' is not assignable to parameter of type 'PositionalAudio'.
  Type 'undefined' is not assignable to type 'PositionalAudio'.
src/core/World.ts(564,32): error TS2345: Argument of type 'PositionalAudio | undefined' is not assignable to parameter of type 'PositionalAudio'.
  Type 'undefined' is not assignable to type 'PositionalAudio'.
src/core/World.ts(565,32): error TS2345: Argument of type 'PositionalAudio | undefined' is not assignable to parameter of type 'PositionalAudio'.
  Type 'undefined' is not assignable to type 'PositionalAudio'.
src/core/World.ts(566,32): error TS2345: Argument of type 'PositionalAudio | undefined' is not assignable to parameter of type 'PositionalAudio'.
  Type 'undefined' is not assignable to type 'PositionalAudio'.
src/core/World.ts(570,36): error TS2345: Argument of type 'GameEntity' is not assignable to parameter of type 'Object3D<Object3DEventMap> | AnimationObjectGroup'.
  Type 'GameEntity' is missing the following properties from type 'Object3D<Object3DEventMap>': isObject3D, id, type, quaternion, and 57 more.
src/core/World.ts(638,46): error TS2345: Argument of type 'null' is not assignable to parameter of type 'RenderCallback<null>'.
src/effects/Sky.ts(1,57): error TS2724: '"three"' has no exported member named 'BoxBufferGeometry'. Did you mean 'BufferGeometry'?
src/entities/Enemy.ts(74,9): error TS2564: Property 'brain' has no initializer and is not definitely assigned in the constructor.
src/entities/Enemy.ts(75,9): error TS2564: Property 'goalArbitrationRegulator' has no initializer and is not definitely assigned in the constructor.
src/entities/Enemy.ts(77,9): error TS2564: Property 'memorySystem' has no initializer and is not definitely assigned in the constructor.
src/entities/Enemy.ts(78,9): error TS2564: Property 'memoryRecords' has no initializer and is not definitely assigned in the constructor.
src/entities/Enemy.ts(82,9): error TS2564: Property 'vision' has no initializer and is not definitely assigned in the constructor.
src/entities/Enemy.ts(83,9): error TS2564: Property 'visionRegulator' has no initializer and is not definitely assigned in the constructor.
src/entities/Enemy.ts(190,17): error TS2531: Object is possibly 'null'.
src/entities/Enemy.ts(191,27): error TS2345: Argument of type 'GameEntity | null' is not assignable to parameter of type 'GameEntity'.
  Type 'null' is not assignable to type 'GameEntity'.
src/entities/Enemy.ts(401,5): error TS18048: 'record' is possibly 'undefined'.
src/entities/Enemy.ts(402,5): error TS18048: 'record' is possibly 'undefined'.
src/entities/Enemy.ts(403,9): error TS18048: 'record' is possibly 'undefined'.
src/entities/Enemy.ts(403,35): error TS18048: 'record' is possibly 'undefined'.
src/entities/Enemy.ts(404,5): error TS18048: 'record' is possibly 'undefined'.
src/entities/Enemy.ts(408,5): error TS18048: 'record' is possibly 'undefined'.
src/entities/Enemy.ts(582,8): error TS2339: Property 'ignoreWeapons' does not exist on type 'Enemy'.
src/entities/Enemy.ts(749,16): error TS7006: Parameter 'type' implicitly has an 'any' type.
src/entities/Enemy.ts(783,25): error TS7006: Parameter 'entity' implicitly has an 'any' type.
src/entities/HealthPack.ts(1,24): error TS2307: Cannot find module '' or its corresponding type declarations.
src/entities/HealthPack.ts(2,22): error TS2307: Cannot find module '' or its corresponding type declarations.
src/entities/HealthPack.ts(3,29): error TS2307: Cannot find module '' or its corresponding type declarations.
src/entities/HealthPack.ts(23,8): error TS2339: Property 'health' does not exist on type 'HealthPack'.
src/entities/HealthPack.ts(33,19): error TS7006: Parameter 'entity' implicitly has an 'any' type.
src/entities/HealthPack.ts(35,26): error TS2339: Property 'health' does not exist on type 'HealthPack'.
src/entities/Level.ts(15,15): error TS7006: Parameter 'geometry' implicitly has an 'any' type.
src/entities/Level.ts(19,8): error TS2339: Property 'bvh' does not exist on type 'Level'.
src/entities/Level.ts(46,31): error TS7006: Parameter 'ray' implicitly has an 'any' type.
src/entities/Level.ts(46,36): error TS7006: Parameter 'intersectionPoint' implicitly has an 'any' type.
src/entities/Level.ts(48,33): error TS2339: Property 'bvh' does not exist on type 'Level'.
src/entities/Level.ts(60,19): error TS7006: Parameter 'ray' implicitly has an 'any' type.
src/entities/Level.ts(60,24): error TS7006: Parameter 'intersectionPoint' implicitly has an 'any' type.
src/entities/Level.ts(62,33): error TS2339: Property 'bvh' does not exist on type 'Level'.
src/entities/WeaponItem.ts(1,22): error TS2307: Cannot find module '' or its corresponding type declarations.
src/entities/WeaponItem.ts(17,15): error TS7006: Parameter 'type' implicitly has an 'any' type.
src/entities/WeaponItem.ts(17,21): error TS7006: Parameter 'respawnTime' implicitly has an 'any' type.
src/entities/WeaponItem.ts(17,34): error TS7006: Parameter 'ammo' implicitly has an 'any' type.
src/entities/WeaponItem.ts(25,8): error TS2339: Property 'ammo' does not exist on type 'WeaponItem'.
src/entities/WeaponItem.ts(35,19): error TS7006: Parameter 'entity' implicitly has an 'any' type.
src/entities/WeaponItem.ts(37,26): error TS2339: Property 'type' does not exist on type 'WeaponItem'.
src/evaluators/AttackEvaluator.ts(2,28): error TS2307: Cannot find module '' or its corresponding type declarations.
src/evaluators/AttackEvaluator.ts(3,25): error TS2307: Cannot find module '' or its corresponding type declarations.
src/evaluators/AttackEvaluator.ts(11,31): error TS2314: Generic type 'GoalEvaluator<T>' requires 1 type argument(s).
src/evaluators/AttackEvaluator.ts(22,8): error TS2339: Property 'tweaker' does not exist on type 'AttackEvaluator'.
src/evaluators/AttackEvaluator.ts(33,25): error TS7006: Parameter 'owner' implicitly has an 'any' type.
src/evaluators/AttackEvaluator.ts(39,24): error TS2339: Property 'tweaker' does not exist on type 'AttackEvaluator'.
src/evaluators/AttackEvaluator.ts(52,11): error TS7006: Parameter 'owner' implicitly has an 'any' type.
src/evaluators/ExploreEvaluator.ts(2,29): error TS2307: Cannot find module '' or its corresponding type declarations.
src/evaluators/ExploreEvaluator.ts(10,32): error TS2314: Generic type 'GoalEvaluator<T>' requires 1 type argument(s).
src/evaluators/ExploreEvaluator.ts(41,11): error TS7006: Parameter 'owner' implicitly has an 'any' type.
src/evaluators/GetHealthEvaluator.ts(2,25): error TS2307: Cannot find module '' or its corresponding type declarations.
src/evaluators/GetHealthEvaluator.ts(3,29): error TS2307: Cannot find module '' or its corresponding type declarations.
src/evaluators/GetHealthEvaluator.ts(12,34): error TS2314: Generic type 'GoalEvaluator<T>' requires 1 type argument(s).
src/evaluators/GetHealthEvaluator.ts(24,8): error TS2339: Property 'itemType' does not exist on type 'GetHealthEvaluator'.
src/evaluators/GetHealthEvaluator.ts(25,8): error TS2339: Property 'tweaker' does not exist on type 'GetHealthEvaluator'.
src/evaluators/GetHealthEvaluator.ts(36,25): error TS7006: Parameter 'owner' implicitly has an 'any' type.
src/evaluators/GetHealthEvaluator.ts(40,34): error TS2339: Property 'itemType' does not exist on type 'GetHealthEvaluator'.
src/evaluators/GetHealthEvaluator.ts(42,62): error TS2339: Property 'itemType' does not exist on type 'GetHealthEvaluator'.
src/evaluators/GetHealthEvaluator.ts(45,24): error TS2339: Property 'tweaker' does not exist on type 'GetHealthEvaluator'.
src/evaluators/GetHealthEvaluator.ts(60,11): error TS7006: Parameter 'owner' implicitly has an 'any' type.
src/evaluators/GetHealthEvaluator.ts(68,57): error TS2339: Property 'itemType' does not exist on type 'GetHealthEvaluator'.
src/evaluators/GetWeaponEvaluator.ts(2,25): error TS2307: Cannot find module '' or its corresponding type declarations.
src/evaluators/GetWeaponEvaluator.ts(3,29): error TS2307: Cannot find module '' or its corresponding type declarations.
src/evaluators/GetWeaponEvaluator.ts(12,34): error TS2314: Generic type 'GoalEvaluator<T>' requires 1 type argument(s).
src/evaluators/GetWeaponEvaluator.ts(24,8): error TS2339: Property 'itemType' does not exist on type 'GetWeaponEvaluator'.
src/evaluators/GetWeaponEvaluator.ts(25,8): error TS2339: Property 'tweaker' does not exist on type 'GetWeaponEvaluator'.
src/evaluators/GetWeaponEvaluator.ts(36,25): error TS7006: Parameter 'owner' implicitly has an 'any' type.
src/evaluators/GetWeaponEvaluator.ts(40,34): error TS2339: Property 'itemType' does not exist on type 'GetWeaponEvaluator'.
src/evaluators/GetWeaponEvaluator.ts(42,62): error TS2339: Property 'itemType' does not exist on type 'GetWeaponEvaluator'.
src/evaluators/GetWeaponEvaluator.ts(43,70): error TS2339: Property 'itemType' does not exist on type 'GetWeaponEvaluator'.
src/evaluators/GetWeaponEvaluator.ts(46,24): error TS2339: Property 'tweaker' does not exist on type 'GetWeaponEvaluator'.
src/evaluators/GetWeaponEvaluator.ts(61,11): error TS7006: Parameter 'owner' implicitly has an 'any' type.
src/evaluators/GetWeaponEvaluator.ts(69,57): error TS2339: Property 'itemType' does not exist on type 'GetWeaponEvaluator'.
